WIREHAIR_2.0 {
    global:
        wirehair_decode;
        wirehair_decoder_becomes_encoder;
        wirehair_decoder_create;
        wirehair_decoder_create_ex;
        wirehair_decoder_create_profile_ex;
        wirehair_encode;
        wirehair_encoder_create;
        wirehair_encoder_create_ex;
        wirehair_encoder_create_owned;
        wirehair_encoder_create_owned_ex;
        wirehair_encoder_create_profile_ex;
        wirehair_encoder_detach_input;
        wirehair_free;
        wirehair_init_;
        wirehair_recover;
        wirehair_recover_block;
        wirehair_recover_block_ex;
        wirehair_result_string;
        wirehair_v2_decode;
        wirehair_v2_decoder_create;
        wirehair_v2_encode;
        wirehair_v2_encoder_create;
        wirehair_v2_encoder_create_profile;
        wirehair_v2_encoder_create_profile_id;
        wirehair_v2_free;
        wirehair_v2_profile_deserialize;
        wirehair_v2_profile_serialize;
        wirehair_v2_profile_validate;
        wirehair_v2_recover;
        wirehair_v2_result_string;
        wirehair_wire_profile_init;
    local:
        *;
};
